[www.cloudsemi.com/member/eiken/eiken3/eiken3.html]
[backblue.gif]
[fade.gif]
[index.html]
[www.cloudsemi.com/member/eiken/eiken3/image_back.gif]
[pagead2.googlesyndication.com/pagead/js/f4d3b.txt]
[www.cloudsemi.com/member/eiken/eiken3/2026-1_1.html]
[www.cloudsemi.com/member/eiken/eiken3/2026-1_2.html]
[www.cloudsemi.com/member/eiken/eiken3/2026-1_3.html]
[www.cloudsemi.com/member/eiken/eiken3/2025-3_1.html]
[www.cloudsemi.com/member/eiken/eiken3/2025-3_2.html]
[www.cloudsemi.com/member/eiken/eiken3/2025-3_3.html]
[www.cloudsemi.com/member/eiken/eiken3/2025-2_1.html]
[www.cloudsemi.com/member/eiken/eiken3/2025-2_2.html]
[www.cloudsemi.com/member/eiken/eiken3/2025-2_3.html]
[www.cloudsemi.com/member/eiken/eiken3/2025-1_1.html]
[www.cloudsemi.com/member/eiken/eiken3/2025-1_2.html]
[www.cloudsemi.com/member/eiken/eiken3/2025-1_3.html]
[www.cloudsemi.com/member/eiken/eiken3/2024-3_1.html]
[www.cloudsemi.com/member/eiken/eiken3/2024-3_2.html]
[www.cloudsemi.com/member/eiken/eiken3/2024-3_3.html]
[www.cloudsemi.com/member/eiken/eiken3/2024-2_1.html]
[www.cloudsemi.com/member/eiken/eiken3/2024-2_2.html]
[www.cloudsemi.com/member/eiken/eiken3/2024-2_3.html]
[www.cloudsemi.com/member/eiken/eiken3/2024-1_1.html]
[www.cloudsemi.com/member/eiken/eiken3/2024-1_2.html]
[www.cloudsemi.com/member/eiken/eiken3/2024-1_3.html]
[www.cloudsemi.com/member/eiken/eiken3/2023-3_1.html]
[www.cloudsemi.com/member/eiken/eiken3/2023-3_2.html]
[www.cloudsemi.com/member/eiken/eiken3/2023-3_3.html]
[www.cloudsemi.com/member/eiken/eiken3/2023-2_1.html]
[www.cloudsemi.com/member/eiken/eiken3/2023-2_2.html]
[www.cloudsemi.com/member/eiken/eiken3/2023-2_3.html]
[www.cloudsemi.com/member/eiken/eiken3/2023-1_1.html]
[www.cloudsemi.com/member/eiken/eiken3/2023-1_2.html]
[www.cloudsemi.com/member/eiken/eiken3/2023-1_3.html]
[www.cloudsemi.com/member/eiken/eiken3/2022-3_1.html]
[www.cloudsemi.com/member/eiken/eiken3/2022-3_2.html]
[www.cloudsemi.com/member/eiken/eiken3/2022-3_3.html]
[www.cloudsemi.com/member/eiken/eiken3/2022-2_1.html]
[www.cloudsemi.com/member/eiken/eiken3/2022-2_2.html]
[www.cloudsemi.com/member/eiken/eiken3/2022-2_3.html]
[www.cloudsemi.com/member/eiken/eiken3/2022-1_1.html]
[www.cloudsemi.com/member/eiken/eiken3/2022-1_2.html]
[www.cloudsemi.com/member/eiken/eiken3/2022-1_3.html]
[www.cloudsemi.com/member/eiken/eiken3/2021-3_1.html]
[www.cloudsemi.com/member/eiken/eiken3/2021-3_2.html]
[www.cloudsemi.com/member/eiken/eiken3/2021-3_3.html]
[www.cloudsemi.com/member/eiken/eiken3/2021-2_1.html]
[www.cloudsemi.com/member/eiken/eiken3/2021-2_2.html]
[www.cloudsemi.com/member/eiken/eiken3/2021-2_3.html]
[www.cloudsemi.com/member/eiken/eiken3/2021-1_1.html]
[www.cloudsemi.com/member/eiken/eiken3/2021-1_2.html]
[www.cloudsemi.com/member/eiken/eiken3/2021-1_3.html]
[www.cloudsemi.com/member/eiken/eiken3/2026-1h_1.html]
[www.cloudsemi.com/member/eiken/eiken3/2026-1h_2.html]
[www.cloudsemi.com/member/eiken/eiken3/2026-1h_3.html]
[www.cloudsemi.com/member/eiken/eiken3/2025-3h_1.html]
[www.cloudsemi.com/member/eiken/eiken3/2025-3h_2.html]
[www.cloudsemi.com/member/eiken/eiken3/2025-3h_3.html]
[www.cloudsemi.com/member/eiken/eiken3/2025-2h_1.html]
[www.cloudsemi.com/member/eiken/eiken3/2025-2h_2.html]
[www.cloudsemi.com/member/eiken/eiken3/2025-2h_3.html]
[www.cloudsemi.com/member/eiken/eiken3/2025-1h_1.html]
[www.cloudsemi.com/member/eiken/eiken3/2025-1h_2.html]
[www.cloudsemi.com/member/eiken/eiken3/2025-1h_3.html]
[www.cloudsemi.com/member/eiken/eiken3/2024-3h_1.html]
[www.cloudsemi.com/member/eiken/eiken3/2024-3h_2.html]
[www.cloudsemi.com/member/eiken/eiken3/2024-3h_3.html]
[www.cloudsemi.com/member/eiken/eiken3/2024-2h_1.html]
[www.cloudsemi.com/member/eiken/eiken3/2024-2h_2.html]
[www.cloudsemi.com/member/eiken/eiken3/2024-2h_3.html]
[www.cloudsemi.com/member/eiken/eiken3/2024-1h_1.html]
[www.cloudsemi.com/member/eiken/eiken3/2024-1h_2.html]
[www.cloudsemi.com/member/eiken/eiken3/2024-1h_3.html]
[www.cloudsemi.com/member/eiken/eiken3/2023-3h_1.html]
[www.cloudsemi.com/member/eiken/eiken3/2023-3h_2.html]
[www.cloudsemi.com/member/eiken/eiken3/2023-3h_3.html]
[www.cloudsemi.com/member/eiken/eiken3/2023-2h_1.html]
[www.cloudsemi.com/member/eiken/eiken3/2023-2h_2.html]
[www.cloudsemi.com/member/eiken/eiken3/2023-2h_3.html]
[www.cloudsemi.com/member/eiken/eiken3/2023-1h_1.html]
[www.cloudsemi.com/member/eiken/eiken3/2023-1h_2.html]
[www.cloudsemi.com/member/eiken/eiken3/2023-1h_3.html]
[www.cloudsemi.com/member/eiken/eiken3/2022-3h_1.html]
[www.cloudsemi.com/member/eiken/eiken3/2022-3h_2.html]
[www.cloudsemi.com/member/eiken/eiken3/2022-3h_3.html]
[www.cloudsemi.com/member/eiken/eiken3/2022-2h_1.html]
[www.cloudsemi.com/member/eiken/eiken3/2022-2h_2.html]
[www.cloudsemi.com/member/eiken/eiken3/2022-2h_3.html]
[www.cloudsemi.com/member/eiken/eiken3/2022-1h_1.html]
[www.cloudsemi.com/member/eiken/eiken3/2022-1h_2.html]
[www.cloudsemi.com/member/eiken/eiken3/2022-1h_3.html]
[www.cloudsemi.com/member/eiken/eiken3/2021-3h_1.html]
[www.cloudsemi.com/member/eiken/eiken3/2021-3h_2.html]
[www.cloudsemi.com/member/eiken/eiken3/2021-3h_3.html]
[www.cloudsemi.com/member/eiken/eiken3/2021-2h_1.html]
[www.cloudsemi.com/member/eiken/eiken3/2021-2h_2.html]
[www.cloudsemi.com/member/eiken/eiken3/2021-2h_3.html]
[www.cloudsemi.com/member/eiken/eiken3/2021-1h_1.html]
[www.cloudsemi.com/member/eiken/eiken3/2021-1h_2.html]
[www.cloudsemi.com/member/eiken/eiken3/2021-1h_3.html]
[pagead2.googlesyndication.com/pagead/js/f.txt]
[www.cloudsemi.com/member/eiken/eiken3/eiken3.html]
[www.cloudsemi.com/member/eiken/eiken3/table.css]
[www.cloudsemi.com/member/eiken/eiken3/mp3/2026-1_1.mp3]
[www.cloudsemi.com/member/eiken/eiken3/png/2026-1_1_1.png]
[www.cloudsemi.com/member/eiken/eiken3/png/2026-1_1_2.png]
[www.cloudsemi.com/member/eiken/eiken3/png/2026-1_1_3.png]
[www.cloudsemi.com/member/eiken/eiken3/png/2026-1_1_4.png]
[www.cloudsemi.com/member/eiken/eiken3/png/2026-1_1_5.png]
[www.cloudsemi.com/member/eiken/eiken3/png/2026-1_1_6.png]
[www.cloudsemi.com/member/eiken/eiken3/png/2026-1_1_7.png]
[www.cloudsemi.com/member/eiken/eiken3/png/2026-1_1_9.png]
[www.cloudsemi.com/member/eiken/eiken3/png/2026-1_1_10.png]
[www.cloudsemi.com/member/eiken/eiken3/2026-1_1.html]
[www.cloudsemi.com/member/eiken/eiken3/mp3/2026-1_2.mp3]
[www.cloudsemi.com/member/eiken/eiken3/2026-1_2.html]
[www.cloudsemi.com/member/eiken/eiken3/mp3/2026-1_3.mp3]
[www.cloudsemi.com/member/eiken/eiken3/2026-1_3.html]
[www.cloudsemi.com/member/eiken/eiken3/mp3/2025-3_1.mp3]
[www.cloudsemi.com/member/eiken/eiken3/png/2025-3_1_1.png]
[www.cloudsemi.com/member/eiken/eiken3/png/2025-3_1_2.png]
[www.cloudsemi.com/member/eiken/eiken3/png/2025-3_1_3.png]
[www.cloudsemi.com/member/eiken/eiken3/png/2025-3_1_4.png]
[www.cloudsemi.com/member/eiken/eiken3/png/2025-3_1_5.png]
[www.cloudsemi.com/member/eiken/eiken3/png/2025-3_1_6.png]
[www.cloudsemi.com/member/eiken/eiken3/png/2025-3_1_7.png]
[www.cloudsemi.com/member/eiken/eiken3/png/2025-3_1_8.png]
[www.cloudsemi.com/member/eiken/eiken3/png/2025-3_1_9.png]
[www.cloudsemi.com/member/eiken/eiken3/png/2025-3_1_10.png]
[www.cloudsemi.com/member/eiken/eiken3/2025-3_1.html]
[www.cloudsemi.com/member/eiken/eiken3/mp3/2025-3_2.mp3]
[www.cloudsemi.com/member/eiken/eiken3/2025-3_2.html]
[www.cloudsemi.com/member/eiken/eiken3/mp3/2025-3_3.mp3]
[www.cloudsemi.com/member/eiken/eiken3/2025-3_3.html]
[www.cloudsemi.com/member/eiken/eiken3/mp3/2025-2_1.mp3]
[www.cloudsemi.com/member/eiken/eiken3/png/2025-2_1_1.png]
[www.cloudsemi.com/member/eiken/eiken3/png/2025-2_1_2.png]
[www.cloudsemi.com/member/eiken/eiken3/png/2025-2_1_3.png]
[www.cloudsemi.com/member/eiken/eiken3/png/2025-2_1_4.png]
[www.cloudsemi.com/member/eiken/eiken3/png/2025-2_1_5.png]
[www.cloudsemi.com/member/eiken/eiken3/png/2025-2_1_6.png]
[www.cloudsemi.com/member/eiken/eiken3/png/2025-2_1_7.png]
[www.cloudsemi.com/member/eiken/eiken3/png/2025-2_1_8.png]
[www.cloudsemi.com/member/eiken/eiken3/png/2025-2_1_9.png]
[www.cloudsemi.com/member/eiken/eiken3/png/2025-2_1_10.png]
[www.cloudsemi.com/member/eiken/eiken3/2025-2_1.html]
[www.cloudsemi.com/member/eiken/eiken3/mp3/2025-2_2.mp3]
[www.cloudsemi.com/member/eiken/eiken3/2025-2_2.html]
[www.cloudsemi.com/member/eiken/eiken3/mp3/2025-2_3.mp3]
[www.cloudsemi.com/member/eiken/eiken3/2025-2_3.html]
[www.cloudsemi.com/member/eiken/eiken3/mp3/2025-1_1.mp3]
[www.cloudsemi.com/member/eiken/eiken3/png/2025-1_1_1.png]
[www.cloudsemi.com/member/eiken/eiken3/png/2025-1_1_2.png]
[www.cloudsemi.com/member/eiken/eiken3/png/2025-1_1_3.png]
[www.cloudsemi.com/member/eiken/eiken3/png/2025-1_1_4.png]
[www.cloudsemi.com/member/eiken/eiken3/png/2025-1_1_5.png]
[www.cloudsemi.com/member/eiken/eiken3/png/2025-1_1_7.png]
[www.cloudsemi.com/member/eiken/eiken3/png/2025-1_1_8.png]
[www.cloudsemi.com/member/eiken/eiken3/png/2025-1_1_9.png]
[www.cloudsemi.com/member/eiken/eiken3/2025-1_1.html]
[www.cloudsemi.com/member/eiken/eiken3/png/2025-1_1_10.png]
[www.cloudsemi.com/member/eiken/eiken3/mp3/2025-1_2.mp3]
[www.cloudsemi.com/member/eiken/eiken3/2025-1_2.html]
[www.cloudsemi.com/member/eiken/eiken3/mp3/2025-1_3.mp3]
[www.cloudsemi.com/member/eiken/eiken3/2025-1_3.html]
[www.cloudsemi.com/member/eiken/eiken3/png/2024-3_1_1.png]
[www.cloudsemi.com/member/eiken/eiken3/png/2024-3_1_2.png]
[www.cloudsemi.com/member/eiken/eiken3/png/2024-3_1_3.png]
[www.cloudsemi.com/member/eiken/eiken3/png/2024-3_1_4.png]
[www.cloudsemi.com/member/eiken/eiken3/png/2024-3_1_6.png]
[www.cloudsemi.com/member/eiken/eiken3/png/2024-3_1_7.png]
[www.cloudsemi.com/member/eiken/eiken3/png/2024-3_1_8.png]
[www.cloudsemi.com/member/eiken/eiken3/png/2024-3_1_9.png]
[www.cloudsemi.com/member/eiken/eiken3/2024-3_1.html]
[www.cloudsemi.com/member/eiken/eiken3/png/2024-3_1_10.png]
[www.cloudsemi.com/member/eiken/eiken3/mp3/2024-3_2.mp3]
[www.cloudsemi.com/member/eiken/eiken3/2024-3_2.html]
[www.cloudsemi.com/member/eiken/eiken3/mp3/2024-3_3.mp3]
[www.cloudsemi.com/member/eiken/eiken3/2024-3_3.html]
[www.cloudsemi.com/member/eiken/eiken3/mp3/2024-2_1.mp3]
[www.cloudsemi.com/member/eiken/eiken3/png/2024-2_1_1.png]
[www.cloudsemi.com/member/eiken/eiken3/png/2024-2_1_2.png]
[www.cloudsemi.com/member/eiken/eiken3/png/2024-2_1_3.png]
[www.cloudsemi.com/member/eiken/eiken3/png/2024-2_1_4.png]
[www.cloudsemi.com/member/eiken/eiken3/png/2024-2_1_5.png]
[www.cloudsemi.com/member/eiken/eiken3/png/2024-2_1_6.png]
[www.cloudsemi.com/member/eiken/eiken3/png/2024-2_1_7.png]
[www.cloudsemi.com/member/eiken/eiken3/png/2024-2_1_8.png]
[www.cloudsemi.com/member/eiken/eiken3/png/2024-2_1_9.png]
[www.cloudsemi.com/member/eiken/eiken3/png/2024-2_1_10.png]
[www.cloudsemi.com/member/eiken/eiken3/2024-2_1.html]
[www.cloudsemi.com/member/eiken/eiken3/mp3/2024-2_2.mp3]
[www.cloudsemi.com/member/eiken/eiken3/2024-2_2.html]
[www.cloudsemi.com/member/eiken/eiken3/mp3/2024-2_3.mp3]
[www.cloudsemi.com/member/eiken/eiken3/2024-2_3.html]
[www.cloudsemi.com/member/eiken/eiken3/mp3/2024-1_1.mp3]
[www.cloudsemi.com/member/eiken/eiken3/png/2024-1_1_1.png]
[www.cloudsemi.com/member/eiken/eiken3/png/2024-1_1_2.png]
[www.cloudsemi.com/member/eiken/eiken3/png/2024-1_1_4.png]
[www.cloudsemi.com/member/eiken/eiken3/png/2024-1_1_5.png]
[www.cloudsemi.com/member/eiken/eiken3/png/2024-1_1_6.png]
[www.cloudsemi.com/member/eiken/eiken3/png/2024-1_1_7.png]
[www.cloudsemi.com/member/eiken/eiken3/png/2024-1_1_8.png]
[www.cloudsemi.com/member/eiken/eiken3/png/2024-1_1_9.png]
[www.cloudsemi.com/member/eiken/eiken3/png/2024-1_1_10.png]
[www.cloudsemi.com/member/eiken/eiken3/2024-1_1.html]
[www.cloudsemi.com/member/eiken/eiken3/mp3/2024-1_2.mp3]
[www.cloudsemi.com/member/eiken/eiken3/2024-1_2.html]
[www.cloudsemi.com/member/eiken/eiken3/mp3/2024-1_3.mp3]
[www.cloudsemi.com/member/eiken/eiken3/2024-1_3.html]
[www.cloudsemi.com/member/eiken/eiken3/mp3/2023-3_1.mp3]
[www.cloudsemi.com/member/eiken/eiken3/png/2023-3_1_1.png]
[www.cloudsemi.com/member/eiken/eiken3/png/2023-3_1_2.png]
[www.cloudsemi.com/member/eiken/eiken3/png/2023-3_1_3.png]
[www.cloudsemi.com/member/eiken/eiken3/png/2023-3_1_4.png]
[www.cloudsemi.com/member/eiken/eiken3/png/2023-3_1_5.png]
[www.cloudsemi.com/member/eiken/eiken3/png/2023-3_1_6.png]
[www.cloudsemi.com/member/eiken/eiken3/png/2023-3_1_7.png]
[www.cloudsemi.com/member/eiken/eiken3/png/2023-3_1_8.png]
[www.cloudsemi.com/member/eiken/eiken3/png/2023-3_1_9.png]
[www.cloudsemi.com/member/eiken/eiken3/2023-3_1.html]
[www.cloudsemi.com/member/eiken/eiken3/png/2023-3_1_10.png]
[www.cloudsemi.com/member/eiken/eiken3/mp3/2023-3_2.mp3]
[www.cloudsemi.com/member/eiken/eiken3/2023-3_2.html]
[www.cloudsemi.com/member/eiken/eiken3/mp3/2023-3_3.mp3]
[www.cloudsemi.com/member/eiken/eiken3/2023-3_3.html]
[www.cloudsemi.com/member/eiken/eiken3/mp3/2023-2_1_1.mp3]
[www.cloudsemi.com/member/eiken/eiken3/png/2023-2_1_1.png]
[www.cloudsemi.com/member/eiken/eiken3/mp3/2023-2_1_2.mp3]
[www.cloudsemi.com/member/eiken/eiken3/png/2023-2_1_2.png]
[www.cloudsemi.com/member/eiken/eiken3/mp3/2023-2_1_3.mp3]
[www.cloudsemi.com/member/eiken/eiken3/png/2023-2_1_3.png]
[www.cloudsemi.com/member/eiken/eiken3/mp3/2023-2_1_4.mp3]
[www.cloudsemi.com/member/eiken/eiken3/png/2023-2_1_4.png]
[www.cloudsemi.com/member/eiken/eiken3/mp3/2023-2_1_5.mp3]
[www.cloudsemi.com/member/eiken/eiken3/png/2023-2_1_5.png]
[www.cloudsemi.com/member/eiken/eiken3/mp3/2023-2_1_6.mp3]
[www.cloudsemi.com/member/eiken/eiken3/png/2023-2_1_6.png]
[www.cloudsemi.com/member/eiken/eiken3/mp3/2023-2_1_7.mp3]
[www.cloudsemi.com/member/eiken/eiken3/png/2023-2_1_7.png]
[www.cloudsemi.com/member/eiken/eiken3/mp3/2023-2_1_8.mp3]
[www.cloudsemi.com/member/eiken/eiken3/png/2023-2_1_8.png]
[www.cloudsemi.com/member/eiken/eiken3/mp3/2023-2_1_9.mp3]
[www.cloudsemi.com/member/eiken/eiken3/png/2023-2_1_9.png]
[www.cloudsemi.com/member/eiken/eiken3/mp3/2023-2_1_10.mp3]
[www.cloudsemi.com/member/eiken/eiken3/png/2023-2_1_10.png]
[www.cloudsemi.com/member/eiken/eiken3/2023-2_1.html]
[www.cloudsemi.com/member/eiken/eiken3/mp3/2023-2_2_1.mp3]
[www.cloudsemi.com/member/eiken/eiken3/mp3/2023-2_2_2.mp3]
[www.cloudsemi.com/member/eiken/eiken3/mp3/2023-2_2_3.mp3]
[www.cloudsemi.com/member/eiken/eiken3/mp3/2023-2_2_4.mp3]
[www.cloudsemi.com/member/eiken/eiken3/mp3/2023-2_2_5.mp3]
[www.cloudsemi.com/member/eiken/eiken3/mp3/2023-2_2_6.mp3]
[www.cloudsemi.com/member/eiken/eiken3/mp3/2023-2_2_7.mp3]
[www.cloudsemi.com/member/eiken/eiken3/mp3/2023-2_2_8.mp3]
[www.cloudsemi.com/member/eiken/eiken3/mp3/2023-2_2_9.mp3]
[www.cloudsemi.com/member/eiken/eiken3/mp3/2023-2_2_10.mp3]
[www.cloudsemi.com/member/eiken/eiken3/2023-2_2.html]
[www.cloudsemi.com/member/eiken/eiken3/mp3/2023-2_3_1.mp3]
[www.cloudsemi.com/member/eiken/eiken3/mp3/2023-2_3_2.mp3]
[www.cloudsemi.com/member/eiken/eiken3/mp3/2023-2_3_3.mp3]
[www.cloudsemi.com/member/eiken/eiken3/mp3/2023-2_3_4.mp3]
[www.cloudsemi.com/member/eiken/eiken3/mp3/2023-2_3_5.mp3]
[www.cloudsemi.com/member/eiken/eiken3/mp3/2023-2_3_6.mp3]
[www.cloudsemi.com/member/eiken/eiken3/mp3/2023-2_3_7.mp3]
[www.cloudsemi.com/member/eiken/eiken3/mp3/2023-2_3_8.mp3]
[www.cloudsemi.com/member/eiken/eiken3/mp3/2023-2_3_9.mp3]
[www.cloudsemi.com/member/eiken/eiken3/mp3/2023-2_3_10.mp3]
[www.cloudsemi.com/member/eiken/eiken3/2023-2_3.html]
[www.cloudsemi.com/member/eiken/eiken3/mp3/2023-1_1_1.mp3]
[www.cloudsemi.com/member/eiken/eiken3/png/2023-1_1_1.png]
[www.cloudsemi.com/member/eiken/eiken3/mp3/2023-1_1_2.mp3]
[www.cloudsemi.com/member/eiken/eiken3/png/2023-1_1_2.png]
[www.cloudsemi.com/member/eiken/eiken3/mp3/2023-1_1_3.mp3]
[www.cloudsemi.com/member/eiken/eiken3/png/2023-1_1_3.png]
[www.cloudsemi.com/member/eiken/eiken3/mp3/2023-1_1_4.mp3]
[www.cloudsemi.com/member/eiken/eiken3/png/2023-1_1_4.png]
[www.cloudsemi.com/member/eiken/eiken3/mp3/2023-1_1_5.mp3]
[www.cloudsemi.com/member/eiken/eiken3/png/2023-1_1_5.png]
[www.cloudsemi.com/member/eiken/eiken3/mp3/2023-1_1_6.mp3]
[www.cloudsemi.com/member/eiken/eiken3/png/2023-1_1_6.png]
[www.cloudsemi.com/member/eiken/eiken3/mp3/2023-1_1_7.mp3]
[www.cloudsemi.com/member/eiken/eiken3/png/2023-1_1_7.png]
[www.cloudsemi.com/member/eiken/eiken3/mp3/2023-1_1_8.mp3]
[www.cloudsemi.com/member/eiken/eiken3/png/2023-1_1_8.png]
[www.cloudsemi.com/member/eiken/eiken3/mp3/2023-1_1_9.mp3]
[www.cloudsemi.com/member/eiken/eiken3/png/2023-1_1_9.png]
[www.cloudsemi.com/member/eiken/eiken3/mp3/2023-1_1_10.mp3]
[www.cloudsemi.com/member/eiken/eiken3/png/2023-1_1_10.png]
[www.cloudsemi.com/member/eiken/eiken3/2023-1_1.html]
[www.cloudsemi.com/member/eiken/eiken3/mp3/2023-1_2_1.mp3]
[www.cloudsemi.com/member/eiken/eiken3/mp3/2023-1_2_2.mp3]
[www.cloudsemi.com/member/eiken/eiken3/mp3/2023-1_2_3.mp3]
[www.cloudsemi.com/member/eiken/eiken3/mp3/2023-1_2_4.mp3]
[www.cloudsemi.com/member/eiken/eiken3/mp3/2023-1_2_5.mp3]
[www.cloudsemi.com/member/eiken/eiken3/mp3/2023-1_2_6.mp3]
[www.cloudsemi.com/member/eiken/eiken3/mp3/2023-1_2_7.mp3]
[www.cloudsemi.com/member/eiken/eiken3/mp3/2023-1_2_8.mp3]
[www.cloudsemi.com/member/eiken/eiken3/mp3/2023-1_2_9.mp3]
[www.cloudsemi.com/member/eiken/eiken3/2023-1_2.html]
[www.cloudsemi.com/member/eiken/eiken3/mp3/2023-1_2_10.mp3]
[www.cloudsemi.com/member/eiken/eiken3/mp3/2023-1_3_1.mp3]
[www.cloudsemi.com/member/eiken/eiken3/mp3/2023-1_3_2.mp3]
[www.cloudsemi.com/member/eiken/eiken3/mp3/2023-1_3_3.mp3]
[www.cloudsemi.com/member/eiken/eiken3/mp3/2023-1_3_4.mp3]
[www.cloudsemi.com/member/eiken/eiken3/mp3/2023-1_3_5.mp3]
[www.cloudsemi.com/member/eiken/eiken3/mp3/2023-1_3_6.mp3]
[www.cloudsemi.com/member/eiken/eiken3/mp3/2023-1_3_7.mp3]
[www.cloudsemi.com/member/eiken/eiken3/mp3/2023-1_3_8.mp3]
[www.cloudsemi.com/member/eiken/eiken3/mp3/2023-1_3_9.mp3]
[www.cloudsemi.com/member/eiken/eiken3/mp3/2023-1_3_10.mp3]
[www.cloudsemi.com/member/eiken/eiken3/2023-1_3.html]
[www.cloudsemi.com/member/eiken/eiken3/mp3/2022-3_1_1.mp3]
[www.cloudsemi.com/member/eiken/eiken3/png/2022-3_1_1.png]
[www.cloudsemi.com/member/eiken/eiken3/mp3/2022-3_1_2.mp3]
[www.cloudsemi.com/member/eiken/eiken3/png/2022-3_1_2.png]
[www.cloudsemi.com/member/eiken/eiken3/mp3/2022-3_1_3.mp3]
[www.cloudsemi.com/member/eiken/eiken3/png/2022-3_1_3.png]
[www.cloudsemi.com/member/eiken/eiken3/mp3/2022-3_1_4.mp3]
[www.cloudsemi.com/member/eiken/eiken3/png/2022-3_1_4.png]
[www.cloudsemi.com/member/eiken/eiken3/mp3/2022-3_1_5.mp3]
[www.cloudsemi.com/member/eiken/eiken3/png/2022-3_1_5.png]
[www.cloudsemi.com/member/eiken/eiken3/mp3/2022-3_1_6.mp3]
[www.cloudsemi.com/member/eiken/eiken3/png/2022-3_1_6.png]
[www.cloudsemi.com/member/eiken/eiken3/mp3/2022-3_1_7.mp3]
[www.cloudsemi.com/member/eiken/eiken3/mp3/2022-3_1_8.mp3]
[www.cloudsemi.com/member/eiken/eiken3/png/2022-3_1_8.png]
[www.cloudsemi.com/member/eiken/eiken3/mp3/2022-3_1_9.mp3]
[www.cloudsemi.com/member/eiken/eiken3/png/2022-3_1_9.png]
[www.cloudsemi.com/member/eiken/eiken3/mp3/2022-3_1_10.mp3]
[www.cloudsemi.com/member/eiken/eiken3/png/2022-3_1_10.png]
[www.cloudsemi.com/member/eiken/eiken3/2022-3_1.html]
[www.cloudsemi.com/member/eiken/eiken3/mp3/2022-3_2_1.mp3]
[www.cloudsemi.com/member/eiken/eiken3/mp3/2022-3_2_2.mp3]
[www.cloudsemi.com/member/eiken/eiken3/mp3/2022-3_2_3.mp3]
[www.cloudsemi.com/member/eiken/eiken3/mp3/2022-3_2_4.mp3]
[www.cloudsemi.com/member/eiken/eiken3/mp3/2022-3_2_5.mp3]
[www.cloudsemi.com/member/eiken/eiken3/mp3/2022-3_2_6.mp3]
[www.cloudsemi.com/member/eiken/eiken3/mp3/2022-3_2_7.mp3]
[www.cloudsemi.com/member/eiken/eiken3/mp3/2022-3_2_8.mp3]
[www.cloudsemi.com/member/eiken/eiken3/mp3/2022-3_2_9.mp3]
[www.cloudsemi.com/member/eiken/eiken3/2022-3_2.html]
[www.cloudsemi.com/member/eiken/eiken3/mp3/2022-3_2_10.mp3]
[www.cloudsemi.com/member/eiken/eiken3/mp3/2022-3_3_1.mp3]
[www.cloudsemi.com/member/eiken/eiken3/mp3/2022-3_3_2.mp3]
[www.cloudsemi.com/member/eiken/eiken3/mp3/2022-3_3_3.mp3]
[www.cloudsemi.com/member/eiken/eiken3/mp3/2022-3_3_5.mp3]
[www.cloudsemi.com/member/eiken/eiken3/mp3/2022-3_3_6.mp3]
[www.cloudsemi.com/member/eiken/eiken3/mp3/2022-3_3_7.mp3]
[www.cloudsemi.com/member/eiken/eiken3/mp3/2022-3_3_8.mp3]
[www.cloudsemi.com/member/eiken/eiken3/mp3/2022-3_3_9.mp3]
[www.cloudsemi.com/member/eiken/eiken3/mp3/2022-3_3_10.mp3]
[www.cloudsemi.com/member/eiken/eiken3/2022-3_3.html]
[www.cloudsemi.com/member/eiken/eiken3/mp3/2022-2_1_1.mp3]
[www.cloudsemi.com/member/eiken/eiken3/png/2022-2_1_1.png]
[www.cloudsemi.com/member/eiken/eiken3/mp3/2022-2_1_2.mp3]
[www.cloudsemi.com/member/eiken/eiken3/png/2022-2_1_2.png]
[www.cloudsemi.com/member/eiken/eiken3/mp3/2022-2_1_3.mp3]
[www.cloudsemi.com/member/eiken/eiken3/png/2022-2_1_3.png]
[www.cloudsemi.com/member/eiken/eiken3/mp3/2022-2_1_4.mp3]
[www.cloudsemi.com/member/eiken/eiken3/png/2022-2_1_4.png]
[www.cloudsemi.com/member/eiken/eiken3/mp3/2022-2_1_5.mp3]
[www.cloudsemi.com/member/eiken/eiken3/png/2022-2_1_5.png]
[www.cloudsemi.com/member/eiken/eiken3/mp3/2022-2_1_6.mp3]
[www.cloudsemi.com/member/eiken/eiken3/png/2022-2_1_6.png]
[www.cloudsemi.com/member/eiken/eiken3/mp3/2022-2_1_7.mp3]
[www.cloudsemi.com/member/eiken/eiken3/png/2022-2_1_7.png]
[www.cloudsemi.com/member/eiken/eiken3/mp3/2022-2_1_8.mp3]
[www.cloudsemi.com/member/eiken/eiken3/png/2022-2_1_8.png]
[www.cloudsemi.com/member/eiken/eiken3/mp3/2022-2_1_9.mp3]
[www.cloudsemi.com/member/eiken/eiken3/png/2022-2_1_9.png]
[www.cloudsemi.com/member/eiken/eiken3/mp3/2022-2_1_10.mp3]
[www.cloudsemi.com/member/eiken/eiken3/png/2022-2_1_10.png]
[www.cloudsemi.com/member/eiken/eiken3/2022-2_1.html]
[www.cloudsemi.com/member/eiken/eiken3/mp3/2022-2_2_1.mp3]
[www.cloudsemi.com/member/eiken/eiken3/mp3/2022-2_2_2.mp3]
[www.cloudsemi.com/member/eiken/eiken3/mp3/2022-2_2_3.mp3]
[www.cloudsemi.com/member/eiken/eiken3/mp3/2022-2_2_4.mp3]
[www.cloudsemi.com/member/eiken/eiken3/mp3/2022-2_2_5.mp3]
[www.cloudsemi.com/member/eiken/eiken3/mp3/2022-2_2_6.mp3]
[www.cloudsemi.com/member/eiken/eiken3/mp3/2022-2_2_7.mp3]
[www.cloudsemi.com/member/eiken/eiken3/mp3/2022-2_2_8.mp3]
[www.cloudsemi.com/member/eiken/eiken3/mp3/2022-2_2_9.mp3]
[www.cloudsemi.com/member/eiken/eiken3/2022-2_2.html]
[www.cloudsemi.com/member/eiken/eiken3/mp3/2022-2_2_10.mp3]
[www.cloudsemi.com/member/eiken/eiken3/mp3/2022-2_3_1.mp3]
[www.cloudsemi.com/member/eiken/eiken3/mp3/2022-2_3_2.mp3]
[www.cloudsemi.com/member/eiken/eiken3/mp3/2022-2_3_3.mp3]
[www.cloudsemi.com/member/eiken/eiken3/mp3/2022-2_3_4.mp3]
[www.cloudsemi.com/member/eiken/eiken3/mp3/2022-2_3_5.mp3]
[www.cloudsemi.com/member/eiken/eiken3/mp3/2022-2_3_6.mp3]
[www.cloudsemi.com/member/eiken/eiken3/mp3/2022-2_3_7.mp3]
[www.cloudsemi.com/member/eiken/eiken3/mp3/2022-2_3_8.mp3]
[www.cloudsemi.com/member/eiken/eiken3/mp3/2022-2_3_9.mp3]
[www.cloudsemi.com/member/eiken/eiken3/mp3/2022-2_3_10.mp3]
[www.cloudsemi.com/member/eiken/eiken3/2022-2_3.html]
[www.cloudsemi.com/member/eiken/eiken3/mp3/2022-1_1_1.mp3]
[www.cloudsemi.com/member/eiken/eiken3/png/2022-1_1_1.png]
[www.cloudsemi.com/member/eiken/eiken3/mp3/2022-1_1_2.mp3]
[www.cloudsemi.com/member/eiken/eiken3/png/2022-1_1_2.png]
[www.cloudsemi.com/member/eiken/eiken3/mp3/2022-1_1_3.mp3]
[www.cloudsemi.com/member/eiken/eiken3/png/2022-1_1_3.png]
[www.cloudsemi.com/member/eiken/eiken3/mp3/2022-1_1_4.mp3]
[www.cloudsemi.com/member/eiken/eiken3/png/2022-1_1_4.png]
[www.cloudsemi.com/member/eiken/eiken3/mp3/2022-1_1_5.mp3]
[www.cloudsemi.com/member/eiken/eiken3/png/2022-1_1_5.png]
[www.cloudsemi.com/member/eiken/eiken3/mp3/2022-1_1_6.mp3]
[www.cloudsemi.com/member/eiken/eiken3/png/2022-1_1_6.png]
[www.cloudsemi.com/member/eiken/eiken3/mp3/2022-1_1_7.mp3]
[www.cloudsemi.com/member/eiken/eiken3/png/2022-1_1_7.png]
[www.cloudsemi.com/member/eiken/eiken3/mp3/2022-1_1_8.mp3]
[www.cloudsemi.com/member/eiken/eiken3/png/2022-1_1_8.png]
[www.cloudsemi.com/member/eiken/eiken3/mp3/2022-1_1_9.mp3]
[www.cloudsemi.com/member/eiken/eiken3/png/2022-1_1_9.png]
[www.cloudsemi.com/member/eiken/eiken3/mp3/2022-1_1_10.mp3]
[www.cloudsemi.com/member/eiken/eiken3/png/2022-1_1_10.png]
[www.cloudsemi.com/member/eiken/eiken3/2022-1_1.html]
[www.cloudsemi.com/member/eiken/eiken3/mp3/2022-1_2_1.mp3]
[www.cloudsemi.com/member/eiken/eiken3/mp3/2022-1_2_2.mp3]
[www.cloudsemi.com/member/eiken/eiken3/mp3/2022-1_2_3.mp3]
[www.cloudsemi.com/member/eiken/eiken3/mp3/2022-1_2_4.mp3]
[www.cloudsemi.com/member/eiken/eiken3/mp3/2022-1_2_5.mp3]
[www.cloudsemi.com/member/eiken/eiken3/mp3/2022-1_2_6.mp3]
[www.cloudsemi.com/member/eiken/eiken3/mp3/2022-1_2_7.mp3]
[www.cloudsemi.com/member/eiken/eiken3/mp3/2022-1_2_8.mp3]
[www.cloudsemi.com/member/eiken/eiken3/mp3/2022-1_2_9.mp3]
[www.cloudsemi.com/member/eiken/eiken3/mp3/2022-1_2_10.mp3]
[www.cloudsemi.com/member/eiken/eiken3/2022-1_2.html]
[www.cloudsemi.com/member/eiken/eiken3/mp3/2022-1_3_1.mp3]
[www.cloudsemi.com/member/eiken/eiken3/mp3/2022-1_3_2.mp3]
[www.cloudsemi.com/member/eiken/eiken3/mp3/2022-1_3_3.mp3]
[www.cloudsemi.com/member/eiken/eiken3/mp3/2022-1_3_4.mp3]
[www.cloudsemi.com/member/eiken/eiken3/mp3/2022-1_3_5.mp3]
[www.cloudsemi.com/member/eiken/eiken3/mp3/2022-1_3_6.mp3]
[www.cloudsemi.com/member/eiken/eiken3/mp3/2022-1_3_7.mp3]
[www.cloudsemi.com/member/eiken/eiken3/mp3/2022-1_3_8.mp3]
[www.cloudsemi.com/member/eiken/eiken3/mp3/2022-1_3_9.mp3]
[www.cloudsemi.com/member/eiken/eiken3/2022-1_3.html]
[www.cloudsemi.com/member/eiken/eiken3/mp3/2022-1_3_10.mp3]
[www.cloudsemi.com/member/eiken/eiken3/mp3/2021-3_1_1.mp3]
[www.cloudsemi.com/member/eiken/eiken3/png/2021-3_1_1.png]
[www.cloudsemi.com/member/eiken/eiken3/mp3/2021-3_1_2.mp3]
[www.cloudsemi.com/member/eiken/eiken3/png/2021-3_1_2.png]
[www.cloudsemi.com/member/eiken/eiken3/mp3/2021-3_1_3.mp3]
[www.cloudsemi.com/member/eiken/eiken3/png/2021-3_1_3.png]
[www.cloudsemi.com/member/eiken/eiken3/mp3/2021-3_1_4.mp3]
[www.cloudsemi.com/member/eiken/eiken3/png/2021-3_1_4.png]
[www.cloudsemi.com/member/eiken/eiken3/mp3/2021-3_1_5.mp3]
[www.cloudsemi.com/member/eiken/eiken3/png/2021-3_1_5.png]
[www.cloudsemi.com/member/eiken/eiken3/mp3/2021-3_1_6.mp3]
[www.cloudsemi.com/member/eiken/eiken3/png/2021-3_1_6.png]
[www.cloudsemi.com/member/eiken/eiken3/mp3/2021-3_1_7.mp3]
[www.cloudsemi.com/member/eiken/eiken3/png/2021-3_1_7.png]
[www.cloudsemi.com/member/eiken/eiken3/mp3/2021-3_1_8.mp3]
[www.cloudsemi.com/member/eiken/eiken3/png/2021-3_1_8.png]
[www.cloudsemi.com/member/eiken/eiken3/mp3/2021-3_1_9.mp3]
[www.cloudsemi.com/member/eiken/eiken3/png/2021-3_1_9.png]
[www.cloudsemi.com/member/eiken/eiken3/mp3/2021-3_1_10.mp3]
[www.cloudsemi.com/member/eiken/eiken3/png/2021-3_1_10.png]
[www.cloudsemi.com/member/eiken/eiken3/2021-3_1.html]
[www.cloudsemi.com/member/eiken/eiken3/mp3/2021-3_2_1.mp3]
[www.cloudsemi.com/member/eiken/eiken3/mp3/2021-3_2_2.mp3]
[www.cloudsemi.com/member/eiken/eiken3/mp3/2021-3_2_3.mp3]
[www.cloudsemi.com/member/eiken/eiken3/mp3/2021-3_2_4.mp3]
[www.cloudsemi.com/member/eiken/eiken3/mp3/2021-3_2_5.mp3]
[www.cloudsemi.com/member/eiken/eiken3/mp3/2021-3_2_6.mp3]
[www.cloudsemi.com/member/eiken/eiken3/mp3/2021-3_2_7.mp3]
[www.cloudsemi.com/member/eiken/eiken3/mp3/2021-3_2_8.mp3]
[www.cloudsemi.com/member/eiken/eiken3/mp3/2021-3_2_9.mp3]
[www.cloudsemi.com/member/eiken/eiken3/mp3/2021-3_2_10.mp3]
[www.cloudsemi.com/member/eiken/eiken3/2021-3_2.html]
[www.cloudsemi.com/member/eiken/eiken3/mp3/2021-3_3_1.mp3]
[www.cloudsemi.com/member/eiken/eiken3/mp3/2021-3_3_2.mp3]
[www.cloudsemi.com/member/eiken/eiken3/mp3/2021-3_3_3.mp3]
[www.cloudsemi.com/member/eiken/eiken3/mp3/2021-3_3_4.mp3]
[www.cloudsemi.com/member/eiken/eiken3/mp3/2021-3_3_5.mp3]
[www.cloudsemi.com/member/eiken/eiken3/mp3/2021-3_3_6.mp3]
[www.cloudsemi.com/member/eiken/eiken3/mp3/2021-3_3_7.mp3]
[www.cloudsemi.com/member/eiken/eiken3/mp3/2021-3_3_8.mp3]
[www.cloudsemi.com/member/eiken/eiken3/mp3/2021-3_3_9.mp3]
[www.cloudsemi.com/member/eiken/eiken3/mp3/2021-3_3_10.mp3]
[www.cloudsemi.com/member/eiken/eiken3/2021-3_3.html]
[www.cloudsemi.com/member/eiken/eiken3/mp3/2021-2_1_1.mp3]
[www.cloudsemi.com/member/eiken/eiken3/png/2021-2_1_1.png]
[www.cloudsemi.com/member/eiken/eiken3/mp3/2021-2_1_2.mp3]
[www.cloudsemi.com/member/eiken/eiken3/png/2021-2_1_2.png]
[www.cloudsemi.com/member/eiken/eiken3/mp3/2021-2_1_3.mp3]
[www.cloudsemi.com/member/eiken/eiken3/png/2021-2_1_3.png]
[www.cloudsemi.com/member/eiken/eiken3/mp3/2021-2_1_4.mp3]
[www.cloudsemi.com/member/eiken/eiken3/png/2021-2_1_4.png]
[www.cloudsemi.com/member/eiken/eiken3/mp3/2021-2_1_5.mp3]
[www.cloudsemi.com/member/eiken/eiken3/png/2021-2_1_5.png]
[www.cloudsemi.com/member/eiken/eiken3/mp3/2021-2_1_6.mp3]
[www.cloudsemi.com/member/eiken/eiken3/png/2021-2_1_6.png]
[www.cloudsemi.com/member/eiken/eiken3/mp3/2021-2_1_7.mp3]
[www.cloudsemi.com/member/eiken/eiken3/png/2021-2_1_7.png]
[www.cloudsemi.com/member/eiken/eiken3/mp3/2021-2_1_8.mp3]
[www.cloudsemi.com/member/eiken/eiken3/png/2021-2_1_8.png]
[www.cloudsemi.com/member/eiken/eiken3/mp3/2021-2_1_9.mp3]
[www.cloudsemi.com/member/eiken/eiken3/png/2021-2_1_9.png]
[www.cloudsemi.com/member/eiken/eiken3/mp3/2021-2_1_10.mp3]
[www.cloudsemi.com/member/eiken/eiken3/png/2021-2_1_10.png]
[www.cloudsemi.com/member/eiken/eiken3/2021-2_1.html]
[www.cloudsemi.com/member/eiken/eiken3/mp3/2021-2_2_1.mp3]
[www.cloudsemi.com/member/eiken/eiken3/mp3/2021-2_2_2.mp3]
[www.cloudsemi.com/member/eiken/eiken3/mp3/2021-2_2_3.mp3]
[www.cloudsemi.com/member/eiken/eiken3/mp3/2021-2_2_4.mp3]
[www.cloudsemi.com/member/eiken/eiken3/mp3/2021-2_2_5.mp3]
[www.cloudsemi.com/member/eiken/eiken3/mp3/2021-2_2_6.mp3]
[www.cloudsemi.com/member/eiken/eiken3/mp3/2021-2_2_7.mp3]
[www.cloudsemi.com/member/eiken/eiken3/mp3/2021-2_2_8.mp3]
[www.cloudsemi.com/member/eiken/eiken3/mp3/2021-2_2_9.mp3]
[www.cloudsemi.com/member/eiken/eiken3/mp3/2021-2_2_10.mp3]
[www.cloudsemi.com/member/eiken/eiken3/2021-2_2.html]
[www.cloudsemi.com/member/eiken/eiken3/mp3/2021-2_3_1.mp3]
[www.cloudsemi.com/member/eiken/eiken3/mp3/2021-2_3_2.mp3]
[www.cloudsemi.com/member/eiken/eiken3/mp3/2021-2_3_3.mp3]
[www.cloudsemi.com/member/eiken/eiken3/mp3/2021-2_3_4.mp3]
[www.cloudsemi.com/member/eiken/eiken3/mp3/2021-2_3_5.mp3]
[www.cloudsemi.com/member/eiken/eiken3/mp3/2021-2_3_6.mp3]
[www.cloudsemi.com/member/eiken/eiken3/mp3/2021-2_3_7.mp3]
[www.cloudsemi.com/member/eiken/eiken3/mp3/2021-2_3_8.mp3]
[www.cloudsemi.com/member/eiken/eiken3/mp3/2021-2_3_9.mp3]
[www.cloudsemi.com/member/eiken/eiken3/mp3/2021-2_3_10.mp3]
[www.cloudsemi.com/member/eiken/eiken3/2021-2_3.html]
[www.cloudsemi.com/member/eiken/eiken3/mp3/2021-1_1_1.mp3]
[www.cloudsemi.com/member/eiken/eiken3/png/2021-1_1_1.png]
[www.cloudsemi.com/member/eiken/eiken3/mp3/2021-1_1_2.mp3]
[www.cloudsemi.com/member/eiken/eiken3/png/2021-1_1_2.png]
[www.cloudsemi.com/member/eiken/eiken3/mp3/2021-1_1_3.mp3]
[www.cloudsemi.com/member/eiken/eiken3/png/2021-1_1_3.png]
[www.cloudsemi.com/member/eiken/eiken3/mp3/2021-1_1_4.mp3]
[www.cloudsemi.com/member/eiken/eiken3/png/2021-1_1_4.png]
[www.cloudsemi.com/member/eiken/eiken3/mp3/2021-1_1_5.mp3]
[www.cloudsemi.com/member/eiken/eiken3/png/2021-1_1_5.png]
[www.cloudsemi.com/member/eiken/eiken3/mp3/2021-1_1_6.mp3]
[www.cloudsemi.com/member/eiken/eiken3/png/2021-1_1_6.png]
[www.cloudsemi.com/member/eiken/eiken3/mp3/2021-1_1_7.mp3]
[www.cloudsemi.com/member/eiken/eiken3/png/2021-1_1_7.png]
[www.cloudsemi.com/member/eiken/eiken3/mp3/2021-1_1_8.mp3]
[www.cloudsemi.com/member/eiken/eiken3/png/2021-1_1_8.png]
[www.cloudsemi.com/member/eiken/eiken3/png/2021-1_1_9.png]
[www.cloudsemi.com/member/eiken/eiken3/mp3/2021-1_1_10.mp3]
[www.cloudsemi.com/member/eiken/eiken3/png/2021-1_1_10.png]
[www.cloudsemi.com/member/eiken/eiken3/2021-1_1.html]
[www.cloudsemi.com/member/eiken/eiken3/mp3/2021-1_2_1.mp3]
[www.cloudsemi.com/member/eiken/eiken3/mp3/2021-1_2_2.mp3]
[www.cloudsemi.com/member/eiken/eiken3/mp3/2021-1_2_3.mp3]
[www.cloudsemi.com/member/eiken/eiken3/mp3/2021-1_2_4.mp3]
[www.cloudsemi.com/member/eiken/eiken3/mp3/2021-1_2_5.mp3]
[www.cloudsemi.com/member/eiken/eiken3/mp3/2021-1_2_6.mp3]
[www.cloudsemi.com/member/eiken/eiken3/mp3/2021-1_2_7.mp3]
[www.cloudsemi.com/member/eiken/eiken3/mp3/2021-1_2_8.mp3]
[www.cloudsemi.com/member/eiken/eiken3/mp3/2021-1_2_9.mp3]
[www.cloudsemi.com/member/eiken/eiken3/mp3/2021-1_2_10.mp3]
[www.cloudsemi.com/member/eiken/eiken3/2021-1_2.html]
[www.cloudsemi.com/member/eiken/eiken3/mp3/2021-1_3_1.mp3]
[www.cloudsemi.com/member/eiken/eiken3/mp3/2021-1_3_2.mp3]
[www.cloudsemi.com/member/eiken/eiken3/mp3/2021-1_3_3.mp3]
[www.cloudsemi.com/member/eiken/eiken3/mp3/2021-1_3_4.mp3]
[www.cloudsemi.com/member/eiken/eiken3/mp3/2021-1_3_5.mp3]
[www.cloudsemi.com/member/eiken/eiken3/mp3/2021-1_3_6.mp3]
[www.cloudsemi.com/member/eiken/eiken3/mp3/2021-1_3_7.mp3]
[www.cloudsemi.com/member/eiken/eiken3/mp3/2021-1_3_8.mp3]
[www.cloudsemi.com/member/eiken/eiken3/mp3/2021-1_3_9.mp3]
[www.cloudsemi.com/member/eiken/eiken3/2021-1_3.html]
[www.cloudsemi.com/member/eiken/eiken3/mp3/2021-1_3_10.mp3]
[www.cloudsemi.com/member/eiken/eiken3/2026-1h_1.html]
[www.cloudsemi.com/member/eiken/eiken3/2026-1h_2.html]
[www.cloudsemi.com/member/eiken/eiken3/png/2026-1h_3_1.png]
[www.cloudsemi.com/member/eiken/eiken3/png/2026-1h_3_2.png]
[www.cloudsemi.com/member/eiken/eiken3/png/2026-1h_3_3.png]
[www.cloudsemi.com/member/eiken/eiken3/png/2026-1h_3_4.png]
[www.cloudsemi.com/member/eiken/eiken3/png/2026-1h_3_5.png]
[www.cloudsemi.com/member/eiken/eiken3/2026-1h_3.html]
[www.cloudsemi.com/member/eiken/eiken3/2025-3h_1.html]
[www.cloudsemi.com/member/eiken/eiken3/2025-3h_2.html]
[www.cloudsemi.com/member/eiken/eiken3/png/2025-3_3_1.png]
[www.cloudsemi.com/member/eiken/eiken3/png/2025-3_3_2.png]
[www.cloudsemi.com/member/eiken/eiken3/png/2025-3_3_3.png]
[www.cloudsemi.com/member/eiken/eiken3/png/2025-3_3_4.png]
[www.cloudsemi.com/member/eiken/eiken3/png/2025-3_3_5.png]
[www.cloudsemi.com/member/eiken/eiken3/2025-3h_3.html]
[www.cloudsemi.com/member/eiken/eiken3/2025-2h_1.html]
[www.cloudsemi.com/member/eiken/eiken3/2025-2h_2.html]
[www.cloudsemi.com/member/eiken/eiken3/png/2025-2_3_1.png]
[www.cloudsemi.com/member/eiken/eiken3/png/2025-2_3_2.png]
[www.cloudsemi.com/member/eiken/eiken3/png/2025-2_3_3.png]
[www.cloudsemi.com/member/eiken/eiken3/png/2025-2_3_4.png]
[www.cloudsemi.com/member/eiken/eiken3/2025-2h_3.html]
[www.cloudsemi.com/member/eiken/eiken3/2025-1h_1.html]
[www.cloudsemi.com/member/eiken/eiken3/2025-1h_2.html]
[www.cloudsemi.com/member/eiken/eiken3/png/2025-1_3_1.png]
[www.cloudsemi.com/member/eiken/eiken3/png/2025-1_3_2.png]
[www.cloudsemi.com/member/eiken/eiken3/png/2025-1_3_3.png]
[www.cloudsemi.com/member/eiken/eiken3/png/2025-1_3_4.png]
[www.cloudsemi.com/member/eiken/eiken3/png/2025-1_3_5.png]
[www.cloudsemi.com/member/eiken/eiken3/2025-1h_3.html]
[www.cloudsemi.com/member/eiken/eiken3/2024-3h_1.html]
[www.cloudsemi.com/member/eiken/eiken3/2024-3h_2.html]
[www.cloudsemi.com/member/eiken/eiken3/png/2024-3_3_1.png]
[www.cloudsemi.com/member/eiken/eiken3/png/2024-3_3_2.png]
[www.cloudsemi.com/member/eiken/eiken3/png/2024-3_3_3.png]
[www.cloudsemi.com/member/eiken/eiken3/png/2024-3_3_4.png]
[www.cloudsemi.com/member/eiken/eiken3/2024-3h_3.html]
[www.cloudsemi.com/member/eiken/eiken3/2024-2h_1.html]
[www.cloudsemi.com/member/eiken/eiken3/2024-2h_2.html]
[www.cloudsemi.com/member/eiken/eiken3/png/2024-2_3_1.png]
[www.cloudsemi.com/member/eiken/eiken3/png/2024-2_3_2.png]
[www.cloudsemi.com/member/eiken/eiken3/png/2024-2_3_3.png]
[www.cloudsemi.com/member/eiken/eiken3/png/2024-2_3_4.png]
[www.cloudsemi.com/member/eiken/eiken3/png/2024-2_3_5.png]
[www.cloudsemi.com/member/eiken/eiken3/2024-2h_3.html]
[www.cloudsemi.com/member/eiken/eiken3/2024-1h_1.html]
[www.cloudsemi.com/member/eiken/eiken3/2024-1h_2.html]
[www.cloudsemi.com/member/eiken/eiken3/png/2024-1_3_1.png]
[www.cloudsemi.com/member/eiken/eiken3/png/2024-1_3_2.png]
[www.cloudsemi.com/member/eiken/eiken3/png/2024-1_3_3.png]
[www.cloudsemi.com/member/eiken/eiken3/png/2024-1_3_4.png]
[www.cloudsemi.com/member/eiken/eiken3/2024-1h_3.html]
[www.cloudsemi.com/member/eiken/eiken3/2023-3h_1.html]
[www.cloudsemi.com/member/eiken/eiken3/2023-3h_2.html]
[www.cloudsemi.com/member/eiken/eiken3/png/2023-3h_1.png]
[www.cloudsemi.com/member/eiken/eiken3/png/2023-3h_2.png]
[www.cloudsemi.com/member/eiken/eiken3/png/2023-3h_3.png]
[www.cloudsemi.com/member/eiken/eiken3/png/2023-3h_4.png]
[www.cloudsemi.com/member/eiken/eiken3/png/2023-3h_5.png]
[www.cloudsemi.com/member/eiken/eiken3/2023-3h_3.html]
[www.cloudsemi.com/member/eiken/eiken3/png/2023-3h_6.png]
[www.cloudsemi.com/member/eiken/eiken3/2023-2h_1.html]
[www.cloudsemi.com/member/eiken/eiken3/2023-2h_2.html]
[www.cloudsemi.com/member/eiken/eiken3/png/2023-2h_1.png]
[www.cloudsemi.com/member/eiken/eiken3/png/2023-2h_2.png]
[www.cloudsemi.com/member/eiken/eiken3/png/2023-2h_3.png]
[www.cloudsemi.com/member/eiken/eiken3/2023-2h_3.html]
[www.cloudsemi.com/member/eiken/eiken3/png/2023-2h_4.png]
[www.cloudsemi.com/member/eiken/eiken3/2023-1h_1.html]
[www.cloudsemi.com/member/eiken/eiken3/2023-1h_2.html]
[www.cloudsemi.com/member/eiken/eiken3/png/2023-1h_1.png]
[www.cloudsemi.com/member/eiken/eiken3/png/2023-1h_2.png]
[www.cloudsemi.com/member/eiken/eiken3/png/2023-1h_3.png]
[www.cloudsemi.com/member/eiken/eiken3/png/2023-1h_4.png]
[www.cloudsemi.com/member/eiken/eiken3/png/2023-1h_5.png]
[www.cloudsemi.com/member/eiken/eiken3/2023-1h_3.html]
[www.cloudsemi.com/member/eiken/eiken3/2022-3h_1.html]
[www.cloudsemi.com/member/eiken/eiken3/2022-3h_2.html]
[www.cloudsemi.com/member/eiken/eiken3/png/2022-3_3.png]
[www.cloudsemi.com/member/eiken/eiken3/png/2022-3_3-1.png]
[www.cloudsemi.com/member/eiken/eiken3/png/2022-3_3-2.png]
[www.cloudsemi.com/member/eiken/eiken3/png/2022-3_3-3.png]
[www.cloudsemi.com/member/eiken/eiken3/png/2022-3_3-4.png]
[www.cloudsemi.com/member/eiken/eiken3/png/2022-3_3-5.png]
[www.cloudsemi.com/member/eiken/eiken3/png/2022-3_3-6.png]
[www.cloudsemi.com/member/eiken/eiken3/2022-3h_3.html]
[www.cloudsemi.com/member/eiken/eiken3/2022-2h_1.html]
[www.cloudsemi.com/member/eiken/eiken3/2022-2h_2.html]
[www.cloudsemi.com/member/eiken/eiken3/png/2022-2_3.png]
[www.cloudsemi.com/member/eiken/eiken3/png/2022-2_3-1.png]
[www.cloudsemi.com/member/eiken/eiken3/png/2022-2_3-2.png]
[www.cloudsemi.com/member/eiken/eiken3/png/2022-2_3-3.png]
[www.cloudsemi.com/member/eiken/eiken3/2022-2h_3.html]
[www.cloudsemi.com/member/eiken/eiken3/2022-1h_1.html]
[www.cloudsemi.com/member/eiken/eiken3/2022-1h_2.html]
[www.cloudsemi.com/member/eiken/eiken3/png/2022-1_3_1.png]
[www.cloudsemi.com/member/eiken/eiken3/png/2022-1_3_2_1.png]
[www.cloudsemi.com/member/eiken/eiken3/png/2022-1_3_2_2.png]
[www.cloudsemi.com/member/eiken/eiken3/png/2022-1_3_2_3.png]
[www.cloudsemi.com/member/eiken/eiken3/png/2022-1_3_2_4.png]
[www.cloudsemi.com/member/eiken/eiken3/png/2022-1_3_2_5.png]
[www.cloudsemi.com/member/eiken/eiken3/png/2022-1_3_2_6.png]
[www.cloudsemi.com/member/eiken/eiken3/2022-1h_3.html]
[www.cloudsemi.com/member/eiken/eiken3/2021-3h_1.html]
[www.cloudsemi.com/member/eiken/eiken3/2021-3h_2.html]
[www.cloudsemi.com/member/eiken/eiken3/png/2021-3_3_1.png]
[www.cloudsemi.com/member/eiken/eiken3/png/2021-3_3_2.png]
[www.cloudsemi.com/member/eiken/eiken3/png/2021-3_3_3.png]
[www.cloudsemi.com/member/eiken/eiken3/png/2021-3_3_4.png]
[www.cloudsemi.com/member/eiken/eiken3/png/2021-3_3_5.png]
[www.cloudsemi.com/member/eiken/eiken3/png/2021-3_3_6.png]
[www.cloudsemi.com/member/eiken/eiken3/2021-3h_3.html]
[www.cloudsemi.com/member/eiken/eiken3/2021-2h_1.html]
[www.cloudsemi.com/member/eiken/eiken3/2021-2h_2.html]
[www.cloudsemi.com/member/eiken/eiken3/png/2021-2_3_1.png]
[www.cloudsemi.com/member/eiken/eiken3/png/2021-2_3_2.png]
[www.cloudsemi.com/member/eiken/eiken3/png/2021-2_3_3.png]
[www.cloudsemi.com/member/eiken/eiken3/png/2021-2_3_4.png]
[www.cloudsemi.com/member/eiken/eiken3/png/2021-2_3_5.png]
[www.cloudsemi.com/member/eiken/eiken3/png/2021-2_3_6.png]
[www.cloudsemi.com/member/eiken/eiken3/2021-2h_3.html]
[www.cloudsemi.com/member/eiken/eiken3/2021-1h_1.html]
[www.cloudsemi.com/member/eiken/eiken3/2021-1h_2.html]
[www.cloudsemi.com/member/eiken/eiken3/png/2021-1_3_1.png]
[www.cloudsemi.com/member/eiken/eiken3/png/2021-1_3_2.png]
[www.cloudsemi.com/member/eiken/eiken3/png/2021-1_3_3.png]
[www.cloudsemi.com/member/eiken/eiken3/png/2021-1_3_4.png]
[www.cloudsemi.com/member/eiken/eiken3/png/2021-1_3_5.png]
[www.cloudsemi.com/member/eiken/eiken3/png/2021-1_3_6.png]
[www.cloudsemi.com/member/eiken/eiken3/2021-1h_3.html]
[www.cloudsemi.com/member/eiken/eiken3/style.css]
[www.cloudsemi.com/member/eiken/eiken3/js/js600.js]
[www.cloudsemi.com/member/eiken/eiken3/png/2026-1_1_8.png]
[www.cloudsemi.com/member/eiken/eiken3/png/2025-1_1_6.png]
[www.cloudsemi.com/member/eiken/eiken3/mp3/2024-3_1.mp3]
[www.cloudsemi.com/member/eiken/eiken3/png/2024-3_1_5.png]
[www.cloudsemi.com/member/eiken/eiken3/png/2024-1_1_3.png]
[www.cloudsemi.com/member/eiken/eiken3/png/2022-3_1_7.png]
[www.cloudsemi.com/member/eiken/eiken3/mp3/2021-1_1_9.mp3]
[www.cloudsemi.com/member/eiken/eiken3/js/js300.js]
[www.cloudsemi.com/member/eiken/eiken3/js/js900.js]
[www.cloudsemi.com/member/eiken/eiken3/png/2021-1_3_7.png]
[www.cloudsemi.com/member/eiken/eiken3/png/2021-3_3_7.png]
[www.cloudsemi.com/member/eiken/eiken3/mp3/2022-3_3_4.mp3]
